// Jest Snapshot v1, https://goo.gl/fbAQLP

exports[`creates a Transaction 1`] = `
<RCTScrollView
  dataSource={
    ListViewDataSource {
      "items": 3,
    }
  }
  renderRow={[Function]}
  renderScrollComponent={[Function]}
>
  <View>
    <Text>
      apple
    </Text>
    <Text>
      banana
    </Text>
    <Text>
      kiwi
    </Text>
  </View>
</RCTScrollView>
`;

exports[`renders QR COde Screen 1`] = `
<RCTScrollView
  dataSource={
    ListViewDataSource {
      "items": 3,
    }
  }
  renderRow={[Function]}
  renderScrollComponent={[Function]}
>
  <View>
    <Text>
      apple
    </Text>
    <Text>
      banana
    </Text>
    <Text>
      kiwi
    </Text>
  </View>
</RCTScrollView>
`;

exports[`renders correctly 1`] = `
<View
  style={
    Object {
      "alignItems": "center",
      "backgroundColor": "#F5FCFF",
      "flex": 1,
      "justifyContent": "center",
    }
  }
>
  <Text
    style={
      Object {
        "fontSize": 20,
        "margin": 10,
        "textAlign": "center",
      }
    }
  >
    Welcome to React Native!
  </Text>
  <Text
    style={
      Object {
        "color": "#333333",
        "marginBottom": 5,
        "textAlign": "center",
      }
    }
  >
    This is a React Native snapshot test.
  </Text>
</View>
`;

exports[`renders the Debit/Credit Screen 1`] = `
<RCTScrollView
  dataSource={
    ListViewDataSource {
      "items": 3,
    }
  }
  renderRow={[Function]}
  renderScrollComponent={[Function]}
>
  <View>
    <Text>
      apple
    </Text>
    <Text>
      banana
    </Text>
    <Text>
      kiwi
    </Text>
  </View>
</RCTScrollView>
`;

exports[`renders the Home Screen 1`] = `
<RCTScrollView
  dataSource={
    ListViewDataSource {
      "items": 3,
    }
  }
  renderRow={[Function]}
  renderScrollComponent={[Function]}
>
  <View>
    <Text>
      apple
    </Text>
    <Text>
      banana
    </Text>
    <Text>
      kiwi
    </Text>
  </View>
</RCTScrollView>
`;

exports[`renders the Login Screen 1`] = `
<Image
  style={
    Object {
      "height": 240,
      "width": 320,
    }
  }
/>
`;

exports[`renders the Signup Screen 1`] = `
<TextInput
  allowFontScaling={true}
  autoCorrect={false}
  rejectResponderTermination={true}
  underlineColorAndroid="transparent"
  value="apple banana kiwi"
/>
`;

exports[`renders the Splash Screen 1`] = `
<ActivityIndicator
  animating={true}
  color="#999999"
  hidesWhenStopped={true}
  size="small"
/>
`;

exports[`renders the Transaction Creation Screen 1`] = `
<RCTScrollView
  dataSource={
    ListViewDataSource {
      "items": 3,
    }
  }
  renderRow={[Function]}
  renderScrollComponent={[Function]}
>
  <View>
    <Text>
      apple
    </Text>
    <Text>
      banana
    </Text>
    <Text>
      kiwi
    </Text>
  </View>
</RCTScrollView>
`;
